[2025-08-20 23:24:05,277 - INFO - main - welcome to our cutome logging ]
[2025-08-28 19:08:26,847 - INFO - main - welcome to our cutome logging ]
[2025-08-28 19:08:26,847 - INFO - main - >>>>>> stage Data Ingestion stage started <<<<<<]
[2025-08-28 19:08:26,872 - INFO - common - <_io.TextIOWrapper name='config\\config.yaml' mode='r' encoding='cp1252'> content loaded successfully]
[2025-08-28 19:08:26,872 - INFO - common - <_io.TextIOWrapper name='params.yaml' mode='r' encoding='cp1252'> content loaded successfully]
[2025-08-28 19:08:26,880 - ERROR - main - yaml file is empty]
Traceback (most recent call last):
  File "C:\MLOPS\mlflowstater\10-end-to-end-datascience-project\src\datascience\utils\common.py", line 23, in read_yaml
    return ConfigBox(content) # here we load yaml file as dict if some error will be their it will be handled by configBox ( its for our easyness )
           ^^^^^^^^^^^^^^^^^^
  File "box\\box.py", line 295, in box.box.Box.__init__
box.exceptions.BoxValueError: First argument must be mapping or iterable

During handling of the above exception, another exception occurred:

Traceback (most recent call last):
  File "C:\MLOPS\mlflowstater\10-end-to-end-datascience-project\main.py", line 10, in <module>
    data_ingestion.initiate_data_ingestion()
  File "C:\MLOPS\mlflowstater\10-end-to-end-datascience-project\src\datascience\pipeline\data_ingestion_pipeline.py", line 12, in initiate_data_ingestion
    config=ConfigurationManager()
           ^^^^^^^^^^^^^^^^^^^^^^
  File "C:\MLOPS\mlflowstater\10-end-to-end-datascience-project\src\datascience\config\configuration.py", line 11, in __init__
    self.params=read_yaml(params_filepath)
                ^^^^^^^^^^^^^^^^^^^^^^^^^^
  File "C:\MLOPS\mlflowstater\ven\Lib\site-packages\ensure\main.py", line 872, in __call__
    return_val = self.f(*args, **kwargs)
                 ^^^^^^^^^^^^^^^^^^^^^^^
  File "C:\MLOPS\mlflowstater\10-end-to-end-datascience-project\src\datascience\utils\common.py", line 25, in read_yaml
    raise ValueError("yaml file is empty")
ValueError: yaml file is empty
[2025-08-28 19:20:13,289 - INFO - main - welcome to our cutome logging ]
[2025-08-28 19:20:13,289 - INFO - main - >>>>>> stage Data Ingestion stage started <<<<<<]
[2025-08-28 19:20:13,310 - INFO - common - <_io.TextIOWrapper name='config\\config.yaml' mode='r' encoding='cp1252'> content loaded successfully]
[2025-08-28 19:20:13,310 - INFO - common - <_io.TextIOWrapper name='params.yaml' mode='r' encoding='cp1252'> content loaded successfully]
[2025-08-28 19:20:13,310 - ERROR - main - yaml file is empty]
Traceback (most recent call last):
  File "C:\MLOPS\mlflowstater\10-end-to-end-datascience-project\src\datascience\utils\common.py", line 23, in read_yaml
    return ConfigBox(content) # here we load yaml file as dict if some error will be their it will be handled by configBox ( its for our easyness )
           ^^^^^^^^^^^^^^^^^^
  File "box\\box.py", line 295, in box.box.Box.__init__
box.exceptions.BoxValueError: First argument must be mapping or iterable

During handling of the above exception, another exception occurred:

Traceback (most recent call last):
  File "C:\MLOPS\mlflowstater\10-end-to-end-datascience-project\main.py", line 10, in <module>
    data_ingestion.initiate_data_ingestion()
  File "C:\MLOPS\mlflowstater\10-end-to-end-datascience-project\src\datascience\pipeline\data_ingestion_pipeline.py", line 12, in initiate_data_ingestion
    config=ConfigurationManager()
           ^^^^^^^^^^^^^^^^^^^^^^
  File "C:\MLOPS\mlflowstater\10-end-to-end-datascience-project\src\datascience\config\configuration.py", line 11, in __init__
    self.params=read_yaml(params_filepath)
                ^^^^^^^^^^^^^^^^^^^^^^^^^^
  File "C:\MLOPS\mlflowstater\ven\Lib\site-packages\ensure\main.py", line 872, in __call__
    return_val = self.f(*args, **kwargs)
                 ^^^^^^^^^^^^^^^^^^^^^^^
  File "C:\MLOPS\mlflowstater\10-end-to-end-datascience-project\src\datascience\utils\common.py", line 25, in read_yaml
    raise ValueError("yaml file is empty")
ValueError: yaml file is empty
[2025-08-28 19:20:20,229 - INFO - main - welcome to our cutome logging ]
[2025-08-28 19:20:20,229 - INFO - main - >>>>>> stage Data Ingestion stage started <<<<<<]
[2025-08-28 19:20:20,231 - INFO - common - <_io.TextIOWrapper name='config\\config.yaml' mode='r' encoding='cp1252'> content loaded successfully]
[2025-08-28 19:20:20,231 - INFO - common - <_io.TextIOWrapper name='params.yaml' mode='r' encoding='cp1252'> content loaded successfully]
[2025-08-28 19:20:20,231 - ERROR - main - yaml file is empty]
Traceback (most recent call last):
  File "C:\MLOPS\mlflowstater\10-end-to-end-datascience-project\src\datascience\utils\common.py", line 23, in read_yaml
    return ConfigBox(content) # here we load yaml file as dict if some error will be their it will be handled by configBox ( its for our easyness )
           ^^^^^^^^^^^^^^^^^^
  File "box\\box.py", line 295, in box.box.Box.__init__
box.exceptions.BoxValueError: First argument must be mapping or iterable

During handling of the above exception, another exception occurred:

Traceback (most recent call last):
  File "C:\MLOPS\mlflowstater\10-end-to-end-datascience-project\main.py", line 10, in <module>
    data_ingestion.initiate_data_ingestion()
  File "C:\MLOPS\mlflowstater\10-end-to-end-datascience-project\src\datascience\pipeline\data_ingestion_pipeline.py", line 12, in initiate_data_ingestion
    config=ConfigurationManager()
           ^^^^^^^^^^^^^^^^^^^^^^
  File "C:\MLOPS\mlflowstater\10-end-to-end-datascience-project\src\datascience\config\configuration.py", line 11, in __init__
    self.params=read_yaml(params_filepath)
                ^^^^^^^^^^^^^^^^^^^^^^^^^^
  File "C:\MLOPS\mlflowstater\ven\Lib\site-packages\ensure\main.py", line 872, in __call__
    return_val = self.f(*args, **kwargs)
                 ^^^^^^^^^^^^^^^^^^^^^^^
  File "C:\MLOPS\mlflowstater\10-end-to-end-datascience-project\src\datascience\utils\common.py", line 25, in read_yaml
    raise ValueError("yaml file is empty")
ValueError: yaml file is empty
[2025-08-28 19:21:00,304 - INFO - main - welcome to our cutome logging ]
[2025-08-28 19:21:00,304 - INFO - main - >>>>>> stage Data Ingestion stage started <<<<<<]
[2025-08-28 19:21:00,304 - INFO - common - <_io.TextIOWrapper name='config\\config.yaml' mode='r' encoding='cp1252'> content loaded successfully]
[2025-08-28 19:21:00,330 - INFO - common - <_io.TextIOWrapper name='params.yaml' mode='r' encoding='cp1252'> content loaded successfully]
[2025-08-28 19:21:00,330 - ERROR - main - yaml file is empty]
Traceback (most recent call last):
  File "C:\MLOPS\mlflowstater\10-end-to-end-datascience-project\src\datascience\utils\common.py", line 23, in read_yaml
    return ConfigBox(content) # here we load yaml file as dict if some error will be their it will be handled by configBox ( its for our easyness )
           ^^^^^^^^^^^^^^^^^^
  File "box\\box.py", line 283, in box.box.Box.__init__
box.exceptions.BoxValueError: Cannot extrapolate Box from string

During handling of the above exception, another exception occurred:

Traceback (most recent call last):
  File "C:\MLOPS\mlflowstater\10-end-to-end-datascience-project\main.py", line 10, in <module>
    data_ingestion.initiate_data_ingestion()
  File "C:\MLOPS\mlflowstater\10-end-to-end-datascience-project\src\datascience\pipeline\data_ingestion_pipeline.py", line 12, in initiate_data_ingestion
    config=ConfigurationManager()
           ^^^^^^^^^^^^^^^^^^^^^^
  File "C:\MLOPS\mlflowstater\10-end-to-end-datascience-project\src\datascience\config\configuration.py", line 11, in __init__
    self.params=read_yaml(params_filepath)
                ^^^^^^^^^^^^^^^^^^^^^^^^^^
  File "C:\MLOPS\mlflowstater\ven\Lib\site-packages\ensure\main.py", line 872, in __call__
    return_val = self.f(*args, **kwargs)
                 ^^^^^^^^^^^^^^^^^^^^^^^
  File "C:\MLOPS\mlflowstater\10-end-to-end-datascience-project\src\datascience\utils\common.py", line 25, in read_yaml
    raise ValueError("yaml file is empty")
ValueError: yaml file is empty
[2025-08-28 19:21:11,013 - INFO - main - welcome to our cutome logging ]
[2025-08-28 19:21:11,013 - INFO - main - >>>>>> stage Data Ingestion stage started <<<<<<]
[2025-08-28 19:21:11,013 - INFO - common - <_io.TextIOWrapper name='config\\config.yaml' mode='r' encoding='cp1252'> content loaded successfully]
[2025-08-28 19:21:11,013 - INFO - common - <_io.TextIOWrapper name='params.yaml' mode='r' encoding='cp1252'> content loaded successfully]
[2025-08-28 19:21:11,013 - ERROR - main - yaml file is empty]
Traceback (most recent call last):
  File "C:\MLOPS\mlflowstater\10-end-to-end-datascience-project\src\datascience\utils\common.py", line 23, in read_yaml
    return ConfigBox(content) # here we load yaml file as dict if some error will be their it will be handled by configBox ( its for our easyness )
           ^^^^^^^^^^^^^^^^^^
  File "box\\box.py", line 283, in box.box.Box.__init__
box.exceptions.BoxValueError: Cannot extrapolate Box from string

During handling of the above exception, another exception occurred:

Traceback (most recent call last):
  File "C:\MLOPS\mlflowstater\10-end-to-end-datascience-project\main.py", line 10, in <module>
    data_ingestion.initiate_data_ingestion()
  File "C:\MLOPS\mlflowstater\10-end-to-end-datascience-project\src\datascience\pipeline\data_ingestion_pipeline.py", line 12, in initiate_data_ingestion
    config=ConfigurationManager()
           ^^^^^^^^^^^^^^^^^^^^^^
  File "C:\MLOPS\mlflowstater\10-end-to-end-datascience-project\src\datascience\config\configuration.py", line 11, in __init__
    self.params=read_yaml(params_filepath)
                ^^^^^^^^^^^^^^^^^^^^^^^^^^
  File "C:\MLOPS\mlflowstater\ven\Lib\site-packages\ensure\main.py", line 872, in __call__
    return_val = self.f(*args, **kwargs)
                 ^^^^^^^^^^^^^^^^^^^^^^^
  File "C:\MLOPS\mlflowstater\10-end-to-end-datascience-project\src\datascience\utils\common.py", line 25, in read_yaml
    raise ValueError("yaml file is empty")
ValueError: yaml file is empty
[2025-08-28 19:27:22,524 - INFO - main - welcome to our cutome logging ]
[2025-08-28 19:27:22,524 - INFO - main - >>>>>> stage Data Ingestion stage started <<<<<<]
[2025-08-28 19:27:22,529 - INFO - common - <_io.TextIOWrapper name='config\\config.yaml' mode='r' encoding='cp1252'> content loaded successfully]
[2025-08-28 19:27:22,529 - INFO - common - <_io.TextIOWrapper name='params.yaml' mode='r' encoding='cp1252'> content loaded successfully]
[2025-08-28 19:27:22,529 - ERROR - main - yaml file is empty]
Traceback (most recent call last):
  File "C:\MLOPS\mlflowstater\10-end-to-end-datascience-project\src\datascience\utils\common.py", line 23, in read_yaml
    return ConfigBox(content) # here we load yaml file as dict if some error will be their it will be handled by configBox ( its for our easyness )
           ^^^^^^^^^^^^^^^^^^
  File "box\\box.py", line 283, in box.box.Box.__init__
box.exceptions.BoxValueError: Cannot extrapolate Box from string

During handling of the above exception, another exception occurred:

Traceback (most recent call last):
  File "C:\MLOPS\mlflowstater\10-end-to-end-datascience-project\main.py", line 10, in <module>
    data_ingestion.initiate_data_ingestion()
  File "C:\MLOPS\mlflowstater\10-end-to-end-datascience-project\src\datascience\pipeline\data_ingestion_pipeline.py", line 12, in initiate_data_ingestion
    config=ConfigurationManager()
           ^^^^^^^^^^^^^^^^^^^^^^
  File "C:\MLOPS\mlflowstater\10-end-to-end-datascience-project\src\datascience\config\configuration.py", line 11, in __init__
    self.params=read_yaml(params_filepath)
                ^^^^^^^^^^^^^^^^^^^^^^^^^^
  File "C:\MLOPS\mlflowstater\ven\Lib\site-packages\ensure\main.py", line 872, in __call__
    return_val = self.f(*args, **kwargs)
                 ^^^^^^^^^^^^^^^^^^^^^^^
  File "C:\MLOPS\mlflowstater\10-end-to-end-datascience-project\src\datascience\utils\common.py", line 25, in read_yaml
    raise ValueError("yaml file is empty")
ValueError: yaml file is empty
[2025-08-28 19:28:41,606 - INFO - main - welcome to our cutome logging ]
[2025-08-28 19:28:41,606 - INFO - main - >>>>>> stage Data Ingestion stage started <<<<<<]
[2025-08-28 19:28:41,606 - INFO - common - <_io.TextIOWrapper name='config\\config.yaml' mode='r' encoding='cp1252'> content loaded successfully]
[2025-08-28 19:28:41,634 - INFO - common - <_io.TextIOWrapper name='params.yaml' mode='r' encoding='cp1252'> content loaded successfully]
[2025-08-28 19:28:41,636 - INFO - common - <_io.TextIOWrapper name='schema.yaml' mode='r' encoding='cp1252'> content loaded successfully]
[2025-08-28 19:28:41,636 - ERROR - main - yaml file is empty]
Traceback (most recent call last):
  File "C:\MLOPS\mlflowstater\10-end-to-end-datascience-project\src\datascience\utils\common.py", line 23, in read_yaml
    return ConfigBox(content) # here we load yaml file as dict if some error will be their it will be handled by configBox ( its for our easyness )
           ^^^^^^^^^^^^^^^^^^
  File "box\\box.py", line 283, in box.box.Box.__init__
box.exceptions.BoxValueError: Cannot extrapolate Box from string

During handling of the above exception, another exception occurred:

Traceback (most recent call last):
  File "C:\MLOPS\mlflowstater\10-end-to-end-datascience-project\main.py", line 10, in <module>
    data_ingestion.initiate_data_ingestion()
  File "C:\MLOPS\mlflowstater\10-end-to-end-datascience-project\src\datascience\pipeline\data_ingestion_pipeline.py", line 12, in initiate_data_ingestion
    config=ConfigurationManager()
           ^^^^^^^^^^^^^^^^^^^^^^
  File "C:\MLOPS\mlflowstater\10-end-to-end-datascience-project\src\datascience\config\configuration.py", line 12, in __init__
    self.schema=read_yaml(schema_filepath)
                ^^^^^^^^^^^^^^^^^^^^^^^^^^
  File "C:\MLOPS\mlflowstater\ven\Lib\site-packages\ensure\main.py", line 872, in __call__
    return_val = self.f(*args, **kwargs)
                 ^^^^^^^^^^^^^^^^^^^^^^^
  File "C:\MLOPS\mlflowstater\10-end-to-end-datascience-project\src\datascience\utils\common.py", line 25, in read_yaml
    raise ValueError("yaml file is empty")
ValueError: yaml file is empty
[2025-08-28 19:29:49,051 - INFO - main - welcome to our cutome logging ]
[2025-08-28 19:29:49,051 - INFO - main - >>>>>> stage Data Ingestion stage started <<<<<<]
[2025-08-28 19:29:49,051 - INFO - common - <_io.TextIOWrapper name='config\\config.yaml' mode='r' encoding='cp1252'> content loaded successfully]
[2025-08-28 19:29:49,051 - INFO - common - <_io.TextIOWrapper name='params.yaml' mode='r' encoding='cp1252'> content loaded successfully]
[2025-08-28 19:29:49,091 - INFO - common - <_io.TextIOWrapper name='schema.yaml' mode='r' encoding='cp1252'> content loaded successfully]
[2025-08-28 19:29:49,092 - INFO - common - created dir at path artifacts]
[2025-08-28 19:29:49,092 - INFO - common - created dir at path artifacts/data_ingestion]
[2025-08-28 19:29:50,522 - INFO - data_ingestion - artifacts/data_ingestion/data.zip download! with following info: 
Connection: close
Content-Length: 23329
Cache-Control: max-age=300
Content-Security-Policy: default-src 'none'; style-src 'unsafe-inline'; sandbox
Content-Type: application/zip
ETag: "c69888a4ae59bc5a893392785a938ccd4937981c06ba8a9d6a21aa52b4ab5b6e"
Strict-Transport-Security: max-age=31536000
X-Content-Type-Options: nosniff
X-Frame-Options: deny
X-XSS-Protection: 1; mode=block
X-GitHub-Request-Id: D8BA:4A8F4:16350:2D9D4:68B060D6
Accept-Ranges: bytes
Date: Thu, 28 Aug 2025 13:59:50 GMT
Via: 1.1 varnish
X-Served-By: cache-hyd1100021-HYD
X-Cache: MISS
X-Cache-Hits: 0
X-Timer: S1756389590.468235,VS0,VE239
Vary: Authorization,Accept-Encoding
Access-Control-Allow-Origin: *
Cross-Origin-Resource-Policy: cross-origin
X-Fastly-Request-ID: 6f5ce0274eb76bc4be9b06ded105e2d976060bea
Expires: Thu, 28 Aug 2025 14:04:50 GMT
Source-Age: 0

]
[2025-08-28 19:29:50,545 - INFO - main - >>>>>> stage Data Ingestion stage completed <<<<<<

x==========x]
[2025-08-28 23:14:09,107 - INFO - main - welcome to our cutome logging ]
[2025-08-28 23:14:09,108 - INFO - main - >>>>>> stage Data Ingestion stage started <<<<<<]
[2025-08-28 23:14:09,124 - INFO - common - <_io.TextIOWrapper name='config\\config.yaml' mode='r' encoding='cp1252'> content loaded successfully]
[2025-08-28 23:14:09,139 - INFO - common - <_io.TextIOWrapper name='params.yaml' mode='r' encoding='cp1252'> content loaded successfully]
[2025-08-28 23:14:09,155 - INFO - common - <_io.TextIOWrapper name='schema.yaml' mode='r' encoding='cp1252'> content loaded successfully]
[2025-08-28 23:14:09,156 - INFO - common - created dir at path artifacts]
[2025-08-28 23:14:09,156 - INFO - common - created dir at path artifacts/data_ingestion]
[2025-08-28 23:14:09,157 - INFO - data_ingestion - File already exists]
[2025-08-28 23:14:09,184 - INFO - main - >>>>>> stage Data Ingestion stage completed <<<<<<

x==========x]
[2025-08-28 23:14:09,184 - INFO - main - >>>>>> stage Data Validation stage started <<<<<<]
[2025-08-28 23:14:09,185 - INFO - common - <_io.TextIOWrapper name='config\\config.yaml' mode='r' encoding='cp1252'> content loaded successfully]
[2025-08-28 23:14:09,187 - INFO - common - <_io.TextIOWrapper name='params.yaml' mode='r' encoding='cp1252'> content loaded successfully]
[2025-08-28 23:14:09,187 - INFO - common - <_io.TextIOWrapper name='schema.yaml' mode='r' encoding='cp1252'> content loaded successfully]
[2025-08-28 23:14:09,187 - INFO - common - created dir at path artifacts]
[2025-08-28 23:14:09,187 - INFO - common - created dir at path artifacts/data_validation]
[2025-08-28 23:14:09,221 - INFO - main - >>>>>> stage Data Validation stage completed <<<<<<

x==========x]
[2025-08-28 23:15:32,295 - INFO - main - welcome to our cutome logging ]
[2025-08-28 23:15:32,295 - INFO - main - >>>>>> stage Data Ingestion stage started <<<<<<]
[2025-08-28 23:15:32,308 - INFO - common - <_io.TextIOWrapper name='config\\config.yaml' mode='r' encoding='cp1252'> content loaded successfully]
[2025-08-28 23:15:32,329 - INFO - common - <_io.TextIOWrapper name='params.yaml' mode='r' encoding='cp1252'> content loaded successfully]
[2025-08-28 23:15:32,344 - INFO - common - <_io.TextIOWrapper name='schema.yaml' mode='r' encoding='cp1252'> content loaded successfully]
[2025-08-28 23:15:32,345 - INFO - common - created dir at path artifacts]
[2025-08-28 23:15:32,346 - INFO - common - created dir at path artifacts/data_ingestion]
[2025-08-28 23:15:32,346 - INFO - data_ingestion - File already exists]
[2025-08-28 23:15:32,396 - INFO - main - >>>>>> stage Data Ingestion stage completed <<<<<<

x==========x]
[2025-08-28 23:15:32,399 - INFO - main - >>>>>> stage Data Validation stage started <<<<<<]
[2025-08-28 23:15:32,409 - INFO - common - <_io.TextIOWrapper name='config\\config.yaml' mode='r' encoding='cp1252'> content loaded successfully]
[2025-08-28 23:15:32,409 - INFO - common - <_io.TextIOWrapper name='params.yaml' mode='r' encoding='cp1252'> content loaded successfully]
[2025-08-28 23:15:32,409 - INFO - common - <_io.TextIOWrapper name='schema.yaml' mode='r' encoding='cp1252'> content loaded successfully]
[2025-08-28 23:15:32,409 - INFO - common - created dir at path artifacts]
[2025-08-28 23:15:32,409 - INFO - common - created dir at path artifacts/data_validation]
[2025-08-28 23:15:32,447 - INFO - main - >>>>>> stage Data Validation stage completed <<<<<<

x==========x]
[2025-08-29 18:29:54,795 - INFO - main - welcome to our cutome logging ]
[2025-08-29 18:29:54,796 - INFO - main - >>>>>> stage Data Ingestion stage started <<<<<<]
[2025-08-29 18:29:54,824 - INFO - common - <_io.TextIOWrapper name='config\\config.yaml' mode='r' encoding='cp1252'> content loaded successfully]
[2025-08-29 18:29:54,838 - INFO - common - <_io.TextIOWrapper name='params.yaml' mode='r' encoding='cp1252'> content loaded successfully]
[2025-08-29 18:29:54,852 - INFO - common - <_io.TextIOWrapper name='schema.yaml' mode='r' encoding='cp1252'> content loaded successfully]
[2025-08-29 18:29:54,853 - INFO - common - created dir at path artifacts]
[2025-08-29 18:29:54,854 - INFO - common - created dir at path artifacts/data_ingestion]
[2025-08-29 18:29:54,854 - INFO - data_ingestion - File already exists]
[2025-08-29 18:29:54,876 - INFO - main - >>>>>> stage Data Ingestion stage completed <<<<<<

x==========x]
[2025-08-29 18:29:54,876 - INFO - main - >>>>>> stage Data Validation stage started <<<<<<]
[2025-08-29 18:29:54,876 - INFO - common - <_io.TextIOWrapper name='config\\config.yaml' mode='r' encoding='cp1252'> content loaded successfully]
[2025-08-29 18:29:54,882 - INFO - common - <_io.TextIOWrapper name='params.yaml' mode='r' encoding='cp1252'> content loaded successfully]
[2025-08-29 18:29:54,884 - INFO - common - <_io.TextIOWrapper name='schema.yaml' mode='r' encoding='cp1252'> content loaded successfully]
[2025-08-29 18:29:54,885 - INFO - common - created dir at path artifacts]
[2025-08-29 18:29:54,885 - INFO - common - created dir at path artifacts/data_validation]
[2025-08-29 18:29:54,915 - INFO - main - >>>>>> stage Data Validation stage completed <<<<<<

x==========x]
[2025-08-29 18:29:54,916 - INFO - main - >>>>>> stage Data Transformation stage started <<<<<<]
[2025-08-29 18:29:54,919 - INFO - common - <_io.TextIOWrapper name='config\\config.yaml' mode='r' encoding='cp1252'> content loaded successfully]
[2025-08-29 18:29:54,920 - INFO - common - <_io.TextIOWrapper name='params.yaml' mode='r' encoding='cp1252'> content loaded successfully]
[2025-08-29 18:29:54,922 - INFO - common - <_io.TextIOWrapper name='schema.yaml' mode='r' encoding='cp1252'> content loaded successfully]
[2025-08-29 18:29:54,923 - INFO - common - created dir at path artifacts]
[2025-08-29 18:29:54,925 - INFO - common - created dir at path artifacts/data_transformation]
[2025-08-29 18:29:54,925 - INFO - main - >>>>>> stage Data Transformation stage completed <<<<<<

x==========x]
[2025-08-29 18:46:46,783 - INFO - main - welcome to our cutome logging ]
[2025-08-29 18:46:46,785 - INFO - main - >>>>>> stage Data Ingestion stage started <<<<<<]
[2025-08-29 18:46:46,798 - INFO - common - <_io.TextIOWrapper name='config\\config.yaml' mode='r' encoding='cp1252'> content loaded successfully]
[2025-08-29 18:46:46,811 - INFO - common - <_io.TextIOWrapper name='params.yaml' mode='r' encoding='cp1252'> content loaded successfully]
[2025-08-29 18:46:46,824 - INFO - common - <_io.TextIOWrapper name='schema.yaml' mode='r' encoding='cp1252'> content loaded successfully]
[2025-08-29 18:46:46,825 - INFO - common - created dir at path artifacts]
[2025-08-29 18:46:46,826 - INFO - common - created dir at path artifacts/data_ingestion]
[2025-08-29 18:46:46,827 - INFO - data_ingestion - File already exists]
[2025-08-29 18:46:46,845 - INFO - main - >>>>>> stage Data Ingestion stage completed <<<<<<

x==========x]
[2025-08-29 18:46:46,845 - INFO - main - >>>>>> stage Data Validation stage started <<<<<<]
[2025-08-29 18:46:46,850 - INFO - common - <_io.TextIOWrapper name='config\\config.yaml' mode='r' encoding='cp1252'> content loaded successfully]
[2025-08-29 18:46:46,850 - INFO - common - <_io.TextIOWrapper name='params.yaml' mode='r' encoding='cp1252'> content loaded successfully]
[2025-08-29 18:46:46,851 - INFO - common - <_io.TextIOWrapper name='schema.yaml' mode='r' encoding='cp1252'> content loaded successfully]
[2025-08-29 18:46:46,852 - INFO - common - created dir at path artifacts]
[2025-08-29 18:46:46,852 - INFO - common - created dir at path artifacts/data_validation]
[2025-08-29 18:46:46,880 - INFO - main - >>>>>> stage Data Validation stage completed <<<<<<

x==========x]
[2025-08-29 18:46:46,880 - INFO - main - >>>>>> stage Data Transformation stage started <<<<<<]
[2025-08-29 18:46:46,895 - INFO - common - <_io.TextIOWrapper name='config\\config.yaml' mode='r' encoding='cp1252'> content loaded successfully]
[2025-08-29 18:46:46,895 - INFO - common - <_io.TextIOWrapper name='params.yaml' mode='r' encoding='cp1252'> content loaded successfully]
[2025-08-29 18:46:46,897 - INFO - common - <_io.TextIOWrapper name='schema.yaml' mode='r' encoding='cp1252'> content loaded successfully]
[2025-08-29 18:46:46,898 - INFO - common - created dir at path artifacts]
[2025-08-29 18:46:46,899 - INFO - common - created dir at path artifacts/data_transformation]
[2025-08-29 18:46:46,899 - INFO - main - >>>>>> stage Data Transformation stage completed <<<<<<

x==========x]
[2025-08-29 18:55:32,425 - INFO - main - welcome to our cutome logging ]
[2025-08-29 18:55:32,425 - INFO - main - >>>>>> stage Data Ingestion stage started <<<<<<]
[2025-08-29 18:55:32,427 - INFO - common - <_io.TextIOWrapper name='config\\config.yaml' mode='r' encoding='cp1252'> content loaded successfully]
[2025-08-29 18:55:32,427 - INFO - common - <_io.TextIOWrapper name='params.yaml' mode='r' encoding='cp1252'> content loaded successfully]
[2025-08-29 18:55:32,429 - INFO - common - <_io.TextIOWrapper name='schema.yaml' mode='r' encoding='cp1252'> content loaded successfully]
[2025-08-29 18:55:32,430 - INFO - common - created dir at path artifacts]
[2025-08-29 18:55:32,430 - INFO - common - created dir at path artifacts/data_ingestion]
[2025-08-29 18:55:32,431 - INFO - data_ingestion - File already exists]
[2025-08-29 18:55:32,435 - INFO - main - >>>>>> stage Data Ingestion stage completed <<<<<<

x==========x]
[2025-08-29 18:55:32,435 - INFO - main - >>>>>> stage Data Validation stage started <<<<<<]
[2025-08-29 18:55:32,436 - INFO - common - <_io.TextIOWrapper name='config\\config.yaml' mode='r' encoding='cp1252'> content loaded successfully]
[2025-08-29 18:55:32,438 - INFO - common - <_io.TextIOWrapper name='params.yaml' mode='r' encoding='cp1252'> content loaded successfully]
[2025-08-29 18:55:32,439 - INFO - common - <_io.TextIOWrapper name='schema.yaml' mode='r' encoding='cp1252'> content loaded successfully]
[2025-08-29 18:55:32,440 - INFO - common - created dir at path artifacts]
[2025-08-29 18:55:32,440 - INFO - common - created dir at path artifacts/data_validation]
[2025-08-29 18:55:32,465 - INFO - main - >>>>>> stage Data Validation stage completed <<<<<<

x==========x]
[2025-08-29 18:55:32,465 - INFO - main - >>>>>> stage Data Transformation stage started <<<<<<]
[2025-08-29 18:55:32,466 - INFO - common - <_io.TextIOWrapper name='config\\config.yaml' mode='r' encoding='cp1252'> content loaded successfully]
[2025-08-29 18:55:32,466 - INFO - common - <_io.TextIOWrapper name='params.yaml' mode='r' encoding='cp1252'> content loaded successfully]
[2025-08-29 18:55:32,471 - INFO - common - <_io.TextIOWrapper name='schema.yaml' mode='r' encoding='cp1252'> content loaded successfully]
[2025-08-29 18:55:32,472 - INFO - common - created dir at path artifacts]
[2025-08-29 18:55:32,472 - INFO - common - created dir at path artifacts/data_transformation]
[2025-08-29 18:55:32,505 - INFO - data_transformation - splited data into training and test set ]
[2025-08-29 18:55:32,506 - INFO - data_transformation - (1199, 12)]
[2025-08-29 18:55:32,506 - INFO - data_transformation - (400, 12)]
[2025-08-29 18:55:32,507 - INFO - main - >>>>>> stage Data Transformation stage completed <<<<<<

x==========x]
[2025-08-29 19:59:59,192 - INFO - main - welcome to our cutome logging ]
[2025-08-29 19:59:59,193 - INFO - main - >>>>>> stage Data Ingestion stage started <<<<<<]
[2025-08-29 19:59:59,215 - INFO - common - <_io.TextIOWrapper name='config\\config.yaml' mode='r' encoding='cp1252'> content loaded successfully]
[2025-08-29 19:59:59,233 - INFO - common - <_io.TextIOWrapper name='params.yaml' mode='r' encoding='cp1252'> content loaded successfully]
[2025-08-29 19:59:59,248 - INFO - common - <_io.TextIOWrapper name='schema.yaml' mode='r' encoding='cp1252'> content loaded successfully]
[2025-08-29 19:59:59,249 - INFO - common - created dir at path artifacts]
[2025-08-29 19:59:59,250 - INFO - common - created dir at path artifacts/data_ingestion]
[2025-08-29 19:59:59,250 - INFO - data_ingestion - File already exists]
[2025-08-29 19:59:59,269 - INFO - main - >>>>>> stage Data Ingestion stage completed <<<<<<

x==========x]
[2025-08-29 19:59:59,269 - INFO - main - >>>>>> stage Data Validation stage started <<<<<<]
[2025-08-29 19:59:59,277 - INFO - common - <_io.TextIOWrapper name='config\\config.yaml' mode='r' encoding='cp1252'> content loaded successfully]
[2025-08-29 19:59:59,278 - INFO - common - <_io.TextIOWrapper name='params.yaml' mode='r' encoding='cp1252'> content loaded successfully]
[2025-08-29 19:59:59,280 - INFO - common - <_io.TextIOWrapper name='schema.yaml' mode='r' encoding='cp1252'> content loaded successfully]
[2025-08-29 19:59:59,281 - INFO - common - created dir at path artifacts]
[2025-08-29 19:59:59,282 - INFO - common - created dir at path artifacts/data_validation]
[2025-08-29 19:59:59,315 - INFO - main - >>>>>> stage Data Validation stage completed <<<<<<

x==========x]
[2025-08-29 19:59:59,316 - INFO - main - >>>>>> stage Data Transformation stage started <<<<<<]
[2025-08-29 19:59:59,328 - INFO - common - <_io.TextIOWrapper name='config\\config.yaml' mode='r' encoding='cp1252'> content loaded successfully]
[2025-08-29 19:59:59,330 - INFO - common - <_io.TextIOWrapper name='params.yaml' mode='r' encoding='cp1252'> content loaded successfully]
[2025-08-29 19:59:59,331 - INFO - common - <_io.TextIOWrapper name='schema.yaml' mode='r' encoding='cp1252'> content loaded successfully]
[2025-08-29 19:59:59,332 - INFO - common - created dir at path artifacts]
[2025-08-29 19:59:59,333 - INFO - common - created dir at path artifacts/data_transformation]
[2025-08-29 19:59:59,355 - INFO - data_transformation - splited data into training and test set ]
[2025-08-29 19:59:59,355 - INFO - data_transformation - (1199, 12)]
[2025-08-29 19:59:59,355 - INFO - data_transformation - (400, 12)]
[2025-08-29 19:59:59,355 - INFO - main - >>>>>> stage Data Transformation stage completed <<<<<<

x==========x]
[2025-08-29 19:59:59,355 - INFO - main - >>>>>> stage Data Training stage started <<<<<<]
[2025-08-29 19:59:59,360 - INFO - common - <_io.TextIOWrapper name='config\\config.yaml' mode='r' encoding='cp1252'> content loaded successfully]
[2025-08-29 19:59:59,361 - INFO - common - <_io.TextIOWrapper name='params.yaml' mode='r' encoding='cp1252'> content loaded successfully]
[2025-08-29 19:59:59,363 - INFO - common - <_io.TextIOWrapper name='schema.yaml' mode='r' encoding='cp1252'> content loaded successfully]
[2025-08-29 19:59:59,364 - INFO - common - created dir at path artifacts]
[2025-08-29 19:59:59,365 - INFO - common - created dir at path artifacts/data_training]
[2025-08-29 19:59:59,365 - ERROR - main - 'str' object has no attribute 'target_column']
Traceback (most recent call last):
  File "C:\MLOPS\mlflowstater\10-end-to-end-datascience-project\main.py", line 43, in <module>
    obj.initiate_data_training()
  File "C:\MLOPS\mlflowstater\10-end-to-end-datascience-project\src\datascience\pipeline\data_training_pipeline.py", line 14, in initiate_data_training
    data_training_config = config.traing_data_training_config()
                           ^^^^^^^^^^^^^^^^^^^^^^^^^^^^^^^^^^^^
  File "C:\MLOPS\mlflowstater\10-end-to-end-datascience-project\src\datascience\config\configuration.py", line 70, in traing_data_training_config
    target_column= schema.target_column
                   ^^^^^^^^^^^^^^^^^^^^
AttributeError: 'str' object has no attribute 'target_column'
[2025-08-29 20:02:37,453 - INFO - main - welcome to our cutome logging ]
[2025-08-29 20:02:37,453 - INFO - main - >>>>>> stage Data Ingestion stage started <<<<<<]
[2025-08-29 20:02:37,469 - INFO - common - <_io.TextIOWrapper name='config\\config.yaml' mode='r' encoding='cp1252'> content loaded successfully]
[2025-08-29 20:02:37,475 - INFO - common - <_io.TextIOWrapper name='params.yaml' mode='r' encoding='cp1252'> content loaded successfully]
[2025-08-29 20:02:37,492 - INFO - common - <_io.TextIOWrapper name='schema.yaml' mode='r' encoding='cp1252'> content loaded successfully]
[2025-08-29 20:02:37,492 - INFO - common - created dir at path artifacts]
[2025-08-29 20:02:37,504 - INFO - common - created dir at path artifacts/data_ingestion]
[2025-08-29 20:02:37,505 - INFO - data_ingestion - File already exists]
[2025-08-29 20:02:37,529 - INFO - main - >>>>>> stage Data Ingestion stage completed <<<<<<

x==========x]
[2025-08-29 20:02:37,529 - INFO - main - >>>>>> stage Data Validation stage started <<<<<<]
[2025-08-29 20:02:37,529 - INFO - common - <_io.TextIOWrapper name='config\\config.yaml' mode='r' encoding='cp1252'> content loaded successfully]
[2025-08-29 20:02:37,529 - INFO - common - <_io.TextIOWrapper name='params.yaml' mode='r' encoding='cp1252'> content loaded successfully]
[2025-08-29 20:02:37,537 - INFO - common - <_io.TextIOWrapper name='schema.yaml' mode='r' encoding='cp1252'> content loaded successfully]
[2025-08-29 20:02:37,537 - INFO - common - created dir at path artifacts]
[2025-08-29 20:02:37,538 - INFO - common - created dir at path artifacts/data_validation]
[2025-08-29 20:02:37,563 - INFO - main - >>>>>> stage Data Validation stage completed <<<<<<

x==========x]
[2025-08-29 20:02:37,564 - INFO - main - >>>>>> stage Data Transformation stage started <<<<<<]
[2025-08-29 20:02:37,577 - INFO - common - <_io.TextIOWrapper name='config\\config.yaml' mode='r' encoding='cp1252'> content loaded successfully]
[2025-08-29 20:02:37,578 - INFO - common - <_io.TextIOWrapper name='params.yaml' mode='r' encoding='cp1252'> content loaded successfully]
[2025-08-29 20:02:37,579 - INFO - common - <_io.TextIOWrapper name='schema.yaml' mode='r' encoding='cp1252'> content loaded successfully]
[2025-08-29 20:02:37,580 - INFO - common - created dir at path artifacts]
[2025-08-29 20:02:37,581 - INFO - common - created dir at path artifacts/data_transformation]
[2025-08-29 20:02:37,597 - INFO - data_transformation - splited data into training and test set ]
[2025-08-29 20:02:37,597 - INFO - data_transformation - (1199, 12)]
[2025-08-29 20:02:37,597 - INFO - data_transformation - (400, 12)]
[2025-08-29 20:02:37,597 - INFO - main - >>>>>> stage Data Transformation stage completed <<<<<<

x==========x]
[2025-08-29 20:02:37,599 - INFO - main - >>>>>> stage Data Training stage started <<<<<<]
[2025-08-29 20:02:37,600 - INFO - common - <_io.TextIOWrapper name='config\\config.yaml' mode='r' encoding='cp1252'> content loaded successfully]
[2025-08-29 20:02:37,601 - INFO - common - <_io.TextIOWrapper name='params.yaml' mode='r' encoding='cp1252'> content loaded successfully]
[2025-08-29 20:02:37,602 - INFO - common - <_io.TextIOWrapper name='schema.yaml' mode='r' encoding='cp1252'> content loaded successfully]
[2025-08-29 20:02:37,603 - INFO - common - created dir at path artifacts]
[2025-08-29 20:02:37,604 - INFO - common - created dir at path artifacts/data_training]
[2025-08-29 20:02:37,604 - ERROR - main - 'str' object has no attribute 'target_column']
Traceback (most recent call last):
  File "C:\MLOPS\mlflowstater\10-end-to-end-datascience-project\main.py", line 43, in <module>
    obj.initiate_data_training()
  File "C:\MLOPS\mlflowstater\10-end-to-end-datascience-project\src\datascience\pipeline\data_training_pipeline.py", line 14, in initiate_data_training
    data_training_config = config.traing_data_training_config()
                           ^^^^^^^^^^^^^^^^^^^^^^^^^^^^^^^^^^^^
  File "C:\MLOPS\mlflowstater\10-end-to-end-datascience-project\src\datascience\config\configuration.py", line 70, in traing_data_training_config
    target_column= schema.target_column
                   ^^^^^^^^^^^^^^^^^^^^
AttributeError: 'str' object has no attribute 'target_column'
[2025-08-29 20:05:47,861 - INFO - main - welcome to our cutome logging ]
[2025-08-29 20:05:47,861 - INFO - main - >>>>>> stage Data Ingestion stage started <<<<<<]
[2025-08-29 20:05:47,861 - INFO - common - <_io.TextIOWrapper name='config\\config.yaml' mode='r' encoding='cp1252'> content loaded successfully]
[2025-08-29 20:05:47,861 - INFO - common - <_io.TextIOWrapper name='params.yaml' mode='r' encoding='cp1252'> content loaded successfully]
[2025-08-29 20:05:47,882 - INFO - common - <_io.TextIOWrapper name='schema.yaml' mode='r' encoding='cp1252'> content loaded successfully]
[2025-08-29 20:05:47,882 - INFO - common - created dir at path artifacts]
[2025-08-29 20:05:47,882 - INFO - common - created dir at path artifacts/data_ingestion]
[2025-08-29 20:05:47,882 - INFO - data_ingestion - File already exists]
[2025-08-29 20:05:47,888 - INFO - main - >>>>>> stage Data Ingestion stage completed <<<<<<

x==========x]
[2025-08-29 20:05:47,889 - INFO - main - >>>>>> stage Data Validation stage started <<<<<<]
[2025-08-29 20:05:47,890 - INFO - common - <_io.TextIOWrapper name='config\\config.yaml' mode='r' encoding='cp1252'> content loaded successfully]
[2025-08-29 20:05:47,891 - INFO - common - <_io.TextIOWrapper name='params.yaml' mode='r' encoding='cp1252'> content loaded successfully]
[2025-08-29 20:05:47,893 - INFO - common - <_io.TextIOWrapper name='schema.yaml' mode='r' encoding='cp1252'> content loaded successfully]
[2025-08-29 20:05:47,894 - INFO - common - created dir at path artifacts]
[2025-08-29 20:05:47,894 - INFO - common - created dir at path artifacts/data_validation]
[2025-08-29 20:05:47,919 - INFO - main - >>>>>> stage Data Validation stage completed <<<<<<

x==========x]
[2025-08-29 20:05:47,919 - INFO - main - >>>>>> stage Data Transformation stage started <<<<<<]
[2025-08-29 20:05:47,922 - INFO - common - <_io.TextIOWrapper name='config\\config.yaml' mode='r' encoding='cp1252'> content loaded successfully]
[2025-08-29 20:05:47,923 - INFO - common - <_io.TextIOWrapper name='params.yaml' mode='r' encoding='cp1252'> content loaded successfully]
[2025-08-29 20:05:47,925 - INFO - common - <_io.TextIOWrapper name='schema.yaml' mode='r' encoding='cp1252'> content loaded successfully]
[2025-08-29 20:05:47,925 - INFO - common - created dir at path artifacts]
[2025-08-29 20:05:47,926 - INFO - common - created dir at path artifacts/data_transformation]
[2025-08-29 20:05:47,944 - INFO - data_transformation - splited data into training and test set ]
[2025-08-29 20:05:47,944 - INFO - data_transformation - (1199, 12)]
[2025-08-29 20:05:47,945 - INFO - data_transformation - (400, 12)]
[2025-08-29 20:05:47,945 - INFO - main - >>>>>> stage Data Transformation stage completed <<<<<<

x==========x]
[2025-08-29 20:05:47,945 - INFO - main - >>>>>> stage Data Training stage started <<<<<<]
[2025-08-29 20:05:47,948 - INFO - common - <_io.TextIOWrapper name='config\\config.yaml' mode='r' encoding='cp1252'> content loaded successfully]
[2025-08-29 20:05:47,949 - INFO - common - <_io.TextIOWrapper name='params.yaml' mode='r' encoding='cp1252'> content loaded successfully]
[2025-08-29 20:05:47,949 - INFO - common - <_io.TextIOWrapper name='schema.yaml' mode='r' encoding='cp1252'> content loaded successfully]
[2025-08-29 20:05:47,951 - INFO - common - created dir at path artifacts]
[2025-08-29 20:05:47,951 - INFO - common - created dir at path artifacts/data_training]
[2025-08-29 20:05:47,981 - ERROR - main - 'DataFrame' object is not callable]
Traceback (most recent call last):
  File "C:\MLOPS\mlflowstater\10-end-to-end-datascience-project\main.py", line 43, in <module>
    obj.initiate_data_training()
  File "C:\MLOPS\mlflowstater\10-end-to-end-datascience-project\src\datascience\pipeline\data_training_pipeline.py", line 16, in initiate_data_training
    data_training.train()
  File "C:\MLOPS\mlflowstater\10-end-to-end-datascience-project\src\datascience\components\data_training.py", line 18, in train
    train_y = train_data([self.config.target_column])
              ^^^^^^^^^^^^^^^^^^^^^^^^^^^^^^^^^^^^^^^
TypeError: 'DataFrame' object is not callable
[2025-08-29 23:23:59,672 - INFO - main - welcome to our cutome logging ]
[2025-08-29 23:23:59,672 - INFO - main - >>>>>> stage Data Ingestion stage started <<<<<<]
[2025-08-29 23:23:59,688 - INFO - common - <_io.TextIOWrapper name='config\\config.yaml' mode='r' encoding='cp1252'> content loaded successfully]
[2025-08-29 23:23:59,718 - INFO - common - <_io.TextIOWrapper name='params.yaml' mode='r' encoding='cp1252'> content loaded successfully]
[2025-08-29 23:23:59,742 - INFO - common - <_io.TextIOWrapper name='schema.yaml' mode='r' encoding='cp1252'> content loaded successfully]
[2025-08-29 23:23:59,744 - INFO - common - created dir at path artifacts]
[2025-08-29 23:23:59,744 - INFO - common - created dir at path artifacts/data_ingestion]
[2025-08-29 23:23:59,744 - INFO - data_ingestion - File already exists]
[2025-08-29 23:23:59,779 - INFO - main - >>>>>> stage Data Ingestion stage completed <<<<<<

x==========x]
[2025-08-29 23:23:59,779 - INFO - main - >>>>>> stage Data Validation stage started <<<<<<]
[2025-08-29 23:23:59,786 - INFO - common - <_io.TextIOWrapper name='config\\config.yaml' mode='r' encoding='cp1252'> content loaded successfully]
[2025-08-29 23:23:59,786 - INFO - common - <_io.TextIOWrapper name='params.yaml' mode='r' encoding='cp1252'> content loaded successfully]
[2025-08-29 23:23:59,790 - INFO - common - <_io.TextIOWrapper name='schema.yaml' mode='r' encoding='cp1252'> content loaded successfully]
[2025-08-29 23:23:59,792 - INFO - common - created dir at path artifacts]
[2025-08-29 23:23:59,792 - INFO - common - created dir at path artifacts/data_validation]
[2025-08-29 23:23:59,830 - INFO - main - >>>>>> stage Data Validation stage completed <<<<<<

x==========x]
[2025-08-29 23:23:59,830 - INFO - main - >>>>>> stage Data Transformation stage started <<<<<<]
[2025-08-29 23:23:59,838 - INFO - common - <_io.TextIOWrapper name='config\\config.yaml' mode='r' encoding='cp1252'> content loaded successfully]
[2025-08-29 23:23:59,852 - INFO - common - <_io.TextIOWrapper name='params.yaml' mode='r' encoding='cp1252'> content loaded successfully]
[2025-08-29 23:23:59,852 - INFO - common - <_io.TextIOWrapper name='schema.yaml' mode='r' encoding='cp1252'> content loaded successfully]
[2025-08-29 23:23:59,852 - INFO - common - created dir at path artifacts]
[2025-08-29 23:23:59,852 - INFO - common - created dir at path artifacts/data_transformation]
[2025-08-29 23:23:59,876 - INFO - data_transformation - splited data into training and test set ]
[2025-08-29 23:23:59,876 - INFO - data_transformation - (1199, 12)]
[2025-08-29 23:23:59,876 - INFO - data_transformation - (400, 12)]
[2025-08-29 23:23:59,876 - INFO - main - >>>>>> stage Data Transformation stage completed <<<<<<

x==========x]
[2025-08-29 23:23:59,876 - INFO - main - >>>>>> stage Data Training stage started <<<<<<]
[2025-08-29 23:23:59,885 - INFO - common - <_io.TextIOWrapper name='config\\config.yaml' mode='r' encoding='cp1252'> content loaded successfully]
[2025-08-29 23:23:59,885 - INFO - common - <_io.TextIOWrapper name='params.yaml' mode='r' encoding='cp1252'> content loaded successfully]
[2025-08-29 23:23:59,885 - INFO - common - <_io.TextIOWrapper name='schema.yaml' mode='r' encoding='cp1252'> content loaded successfully]
[2025-08-29 23:23:59,885 - INFO - common - created dir at path artifacts]
[2025-08-29 23:23:59,885 - INFO - common - created dir at path artifacts/data_training]
[2025-08-29 23:23:59,928 - INFO - main - >>>>>> stage Data Training stage completed <<<<<<

x==========x]
[2025-08-29 23:48:37,459 - INFO - main - welcome to our cutome logging ]
[2025-08-29 23:48:37,459 - INFO - main - >>>>>> stage Data Ingestion stage started <<<<<<]
[2025-08-29 23:48:37,474 - INFO - common - <_io.TextIOWrapper name='config\\config.yaml' mode='r' encoding='cp1252'> content loaded successfully]
[2025-08-29 23:48:37,496 - INFO - common - <_io.TextIOWrapper name='params.yaml' mode='r' encoding='cp1252'> content loaded successfully]
[2025-08-29 23:48:37,517 - INFO - common - <_io.TextIOWrapper name='schema.yaml' mode='r' encoding='cp1252'> content loaded successfully]
[2025-08-29 23:48:37,519 - INFO - common - created dir at path artifacts]
[2025-08-29 23:48:37,520 - INFO - common - created dir at path artifacts/data_ingestion]
[2025-08-29 23:48:37,520 - INFO - data_ingestion - File already exists]
[2025-08-29 23:48:37,549 - INFO - main - >>>>>> stage Data Ingestion stage completed <<<<<<

x==========x]
[2025-08-29 23:48:37,549 - INFO - main - >>>>>> stage Data Validation stage started <<<<<<]
[2025-08-29 23:48:37,549 - INFO - common - <_io.TextIOWrapper name='config\\config.yaml' mode='r' encoding='cp1252'> content loaded successfully]
[2025-08-29 23:48:37,549 - INFO - common - <_io.TextIOWrapper name='params.yaml' mode='r' encoding='cp1252'> content loaded successfully]
[2025-08-29 23:48:37,558 - INFO - common - <_io.TextIOWrapper name='schema.yaml' mode='r' encoding='cp1252'> content loaded successfully]
[2025-08-29 23:48:37,558 - INFO - common - created dir at path artifacts]
[2025-08-29 23:48:37,558 - INFO - common - created dir at path artifacts/data_validation]
[2025-08-29 23:48:37,595 - INFO - main - >>>>>> stage Data Validation stage completed <<<<<<

x==========x]
[2025-08-29 23:48:37,596 - INFO - main - >>>>>> stage Data Transformation stage started <<<<<<]
[2025-08-29 23:48:37,613 - INFO - common - <_io.TextIOWrapper name='config\\config.yaml' mode='r' encoding='cp1252'> content loaded successfully]
[2025-08-29 23:48:37,613 - INFO - common - <_io.TextIOWrapper name='params.yaml' mode='r' encoding='cp1252'> content loaded successfully]
[2025-08-29 23:48:37,622 - INFO - common - <_io.TextIOWrapper name='schema.yaml' mode='r' encoding='cp1252'> content loaded successfully]
[2025-08-29 23:48:37,622 - INFO - common - created dir at path artifacts]
[2025-08-29 23:48:37,622 - INFO - common - created dir at path artifacts/data_transformation]
[2025-08-29 23:48:37,638 - INFO - data_transformation - splited data into training and test set ]
[2025-08-29 23:48:37,638 - INFO - data_transformation - (1199, 12)]
[2025-08-29 23:48:37,638 - INFO - data_transformation - (400, 12)]
[2025-08-29 23:48:37,642 - INFO - main - >>>>>> stage Data Transformation stage completed <<<<<<

x==========x]
[2025-08-29 23:48:37,642 - INFO - main - >>>>>> stage Data Training stage started <<<<<<]
[2025-08-29 23:48:37,643 - INFO - common - <_io.TextIOWrapper name='config\\config.yaml' mode='r' encoding='cp1252'> content loaded successfully]
[2025-08-29 23:48:37,643 - INFO - common - <_io.TextIOWrapper name='params.yaml' mode='r' encoding='cp1252'> content loaded successfully]
[2025-08-29 23:48:37,646 - INFO - common - <_io.TextIOWrapper name='schema.yaml' mode='r' encoding='cp1252'> content loaded successfully]
[2025-08-29 23:48:37,648 - INFO - common - created dir at path artifacts]
[2025-08-29 23:48:37,649 - INFO - common - created dir at path artifacts/data_training]
[2025-08-29 23:48:37,682 - INFO - main - >>>>>> stage Data Training stage completed <<<<<<

x==========x]
[2025-08-30 23:12:30,220 - INFO - main - welcome to our cutome logging ]
[2025-08-30 23:12:30,220 - INFO - main - >>>>>> stage Data Ingestion stage started <<<<<<]
[2025-08-30 23:12:30,252 - INFO - common - <_io.TextIOWrapper name='config\\config.yaml' mode='r' encoding='cp1252'> content loaded successfully]
[2025-08-30 23:12:30,264 - INFO - common - <_io.TextIOWrapper name='params.yaml' mode='r' encoding='cp1252'> content loaded successfully]
[2025-08-30 23:12:30,275 - INFO - common - <_io.TextIOWrapper name='schema.yaml' mode='r' encoding='cp1252'> content loaded successfully]
[2025-08-30 23:12:30,279 - INFO - common - created dir at path artifacts]
[2025-08-30 23:12:30,279 - INFO - common - created dir at path artifacts/data_ingestion]
[2025-08-30 23:12:30,279 - INFO - data_ingestion - File already exists]
[2025-08-30 23:12:30,303 - INFO - main - >>>>>> stage Data Ingestion stage completed <<<<<<

x==========x]
[2025-08-30 23:12:30,303 - INFO - main - >>>>>> stage Data Validation stage started <<<<<<]
[2025-08-30 23:12:30,309 - INFO - common - <_io.TextIOWrapper name='config\\config.yaml' mode='r' encoding='cp1252'> content loaded successfully]
[2025-08-30 23:12:30,310 - INFO - common - <_io.TextIOWrapper name='params.yaml' mode='r' encoding='cp1252'> content loaded successfully]
[2025-08-30 23:12:30,310 - INFO - common - <_io.TextIOWrapper name='schema.yaml' mode='r' encoding='cp1252'> content loaded successfully]
[2025-08-30 23:12:30,310 - INFO - common - created dir at path artifacts]
[2025-08-30 23:12:30,310 - INFO - common - created dir at path artifacts/data_validation]
[2025-08-30 23:12:30,342 - INFO - main - >>>>>> stage Data Validation stage completed <<<<<<

x==========x]
[2025-08-30 23:12:30,342 - INFO - main - >>>>>> stage Data Transformation stage started <<<<<<]
[2025-08-30 23:12:30,353 - INFO - common - <_io.TextIOWrapper name='config\\config.yaml' mode='r' encoding='cp1252'> content loaded successfully]
[2025-08-30 23:12:30,359 - INFO - common - <_io.TextIOWrapper name='params.yaml' mode='r' encoding='cp1252'> content loaded successfully]
[2025-08-30 23:12:30,359 - INFO - common - <_io.TextIOWrapper name='schema.yaml' mode='r' encoding='cp1252'> content loaded successfully]
[2025-08-30 23:12:30,359 - INFO - common - created dir at path artifacts]
[2025-08-30 23:12:30,359 - INFO - common - created dir at path artifacts/data_transformation]
[2025-08-30 23:12:30,385 - INFO - data_transformation - splited data into training and test set ]
[2025-08-30 23:12:30,385 - INFO - data_transformation - (1199, 12)]
[2025-08-30 23:12:30,385 - INFO - data_transformation - (400, 12)]
[2025-08-30 23:12:30,385 - INFO - main - >>>>>> stage Data Transformation stage completed <<<<<<

x==========x]
[2025-08-30 23:12:30,385 - INFO - main - >>>>>> stage Data Training stage started <<<<<<]
[2025-08-30 23:12:30,391 - INFO - common - <_io.TextIOWrapper name='config\\config.yaml' mode='r' encoding='cp1252'> content loaded successfully]
[2025-08-30 23:12:30,391 - INFO - common - <_io.TextIOWrapper name='params.yaml' mode='r' encoding='cp1252'> content loaded successfully]
[2025-08-30 23:12:30,391 - INFO - common - <_io.TextIOWrapper name='schema.yaml' mode='r' encoding='cp1252'> content loaded successfully]
[2025-08-30 23:12:30,398 - INFO - common - created dir at path artifacts]
[2025-08-30 23:12:30,399 - INFO - common - created dir at path artifacts/data_training]
[2025-08-30 23:12:30,427 - INFO - main - >>>>>> stage Data Training stage completed <<<<<<

x==========x]
[2025-08-30 23:12:30,427 - INFO - main - >>>>>> stage Model Evaluation Stage started <<<<<<]
[2025-08-30 23:12:30,432 - INFO - common - <_io.TextIOWrapper name='config\\config.yaml' mode='r' encoding='cp1252'> content loaded successfully]
[2025-08-30 23:12:30,433 - INFO - common - <_io.TextIOWrapper name='params.yaml' mode='r' encoding='cp1252'> content loaded successfully]
[2025-08-30 23:12:30,435 - INFO - common - <_io.TextIOWrapper name='schema.yaml' mode='r' encoding='cp1252'> content loaded successfully]
[2025-08-30 23:12:30,436 - INFO - common - created dir at path artifacts]
[2025-08-30 23:12:30,436 - INFO - common - created dir at path artifacts/model_evaluation]
[2025-08-30 23:12:32,444 - ERROR - main - 'ModelEvaluationConfig' object has no attribute 'metric_file_name']
Traceback (most recent call last):
  File "C:\MLOPS\mlflowstater\10-end-to-end-datascience-project\main.py", line 54, in <module>
    obj.initiate_model_evaluation()
  File "C:\MLOPS\mlflowstater\10-end-to-end-datascience-project\src\datascience\pipeline\model_evaluation_pipeline.py", line 16, in initiate_model_evaluation
    model_evaluation.log_into_mlflow()
  File "C:\MLOPS\mlflowstater\10-end-to-end-datascience-project\src\datascience\components\model_evaluation.py", line 45, in log_into_mlflow
    save_json(path=Path(self.config.metric_file_name), data=scores)
                        ^^^^^^^^^^^^^^^^^^^^^^^^^^^^
AttributeError: 'ModelEvaluationConfig' object has no attribute 'metric_file_name'
[2025-08-30 23:25:57,588 - INFO - main - welcome to our cutome logging ]
[2025-08-30 23:25:57,588 - INFO - main - >>>>>> stage Data Ingestion stage started <<<<<<]
[2025-08-30 23:25:57,612 - INFO - common - <_io.TextIOWrapper name='config\\config.yaml' mode='r' encoding='cp1252'> content loaded successfully]
[2025-08-30 23:25:57,627 - INFO - common - <_io.TextIOWrapper name='params.yaml' mode='r' encoding='cp1252'> content loaded successfully]
[2025-08-30 23:25:57,644 - INFO - common - <_io.TextIOWrapper name='schema.yaml' mode='r' encoding='cp1252'> content loaded successfully]
[2025-08-30 23:25:57,645 - INFO - common - created dir at path artifacts]
[2025-08-30 23:25:57,646 - INFO - common - created dir at path artifacts/data_ingestion]
[2025-08-30 23:25:57,646 - INFO - data_ingestion - File already exists]
[2025-08-30 23:25:57,665 - INFO - main - >>>>>> stage Data Ingestion stage completed <<<<<<

x==========x]
[2025-08-30 23:25:57,665 - INFO - main - >>>>>> stage Data Validation stage started <<<<<<]
[2025-08-30 23:25:57,667 - INFO - common - <_io.TextIOWrapper name='config\\config.yaml' mode='r' encoding='cp1252'> content loaded successfully]
[2025-08-30 23:25:57,668 - INFO - common - <_io.TextIOWrapper name='params.yaml' mode='r' encoding='cp1252'> content loaded successfully]
[2025-08-30 23:25:57,669 - INFO - common - <_io.TextIOWrapper name='schema.yaml' mode='r' encoding='cp1252'> content loaded successfully]
[2025-08-30 23:25:57,669 - INFO - common - created dir at path artifacts]
[2025-08-30 23:25:57,669 - INFO - common - created dir at path artifacts/data_validation]
[2025-08-30 23:25:57,695 - INFO - main - >>>>>> stage Data Validation stage completed <<<<<<

x==========x]
[2025-08-30 23:25:57,696 - INFO - main - >>>>>> stage Data Transformation stage started <<<<<<]
[2025-08-30 23:25:57,705 - INFO - common - <_io.TextIOWrapper name='config\\config.yaml' mode='r' encoding='cp1252'> content loaded successfully]
[2025-08-30 23:25:57,705 - INFO - common - <_io.TextIOWrapper name='params.yaml' mode='r' encoding='cp1252'> content loaded successfully]
[2025-08-30 23:25:57,712 - INFO - common - <_io.TextIOWrapper name='schema.yaml' mode='r' encoding='cp1252'> content loaded successfully]
[2025-08-30 23:25:57,713 - INFO - common - created dir at path artifacts]
[2025-08-30 23:25:57,713 - INFO - common - created dir at path artifacts/data_transformation]
[2025-08-30 23:25:57,731 - INFO - data_transformation - splited data into training and test set ]
[2025-08-30 23:25:57,732 - INFO - data_transformation - (1199, 12)]
[2025-08-30 23:25:57,732 - INFO - data_transformation - (400, 12)]
[2025-08-30 23:25:57,732 - INFO - main - >>>>>> stage Data Transformation stage completed <<<<<<

x==========x]
[2025-08-30 23:25:57,732 - INFO - main - >>>>>> stage Data Training stage started <<<<<<]
[2025-08-30 23:25:57,732 - INFO - common - <_io.TextIOWrapper name='config\\config.yaml' mode='r' encoding='cp1252'> content loaded successfully]
[2025-08-30 23:25:57,732 - INFO - common - <_io.TextIOWrapper name='params.yaml' mode='r' encoding='cp1252'> content loaded successfully]
[2025-08-30 23:25:57,732 - INFO - common - <_io.TextIOWrapper name='schema.yaml' mode='r' encoding='cp1252'> content loaded successfully]
[2025-08-30 23:25:57,738 - INFO - common - created dir at path artifacts]
[2025-08-30 23:25:57,739 - INFO - common - created dir at path artifacts/data_training]
[2025-08-30 23:25:57,761 - INFO - main - >>>>>> stage Data Training stage completed <<<<<<

x==========x]
[2025-08-30 23:25:57,762 - INFO - main - >>>>>> stage Model Evaluation Stage started <<<<<<]
[2025-08-30 23:25:57,764 - INFO - common - <_io.TextIOWrapper name='config\\config.yaml' mode='r' encoding='cp1252'> content loaded successfully]
[2025-08-30 23:25:57,765 - INFO - common - <_io.TextIOWrapper name='params.yaml' mode='r' encoding='cp1252'> content loaded successfully]
[2025-08-30 23:25:57,767 - INFO - common - <_io.TextIOWrapper name='schema.yaml' mode='r' encoding='cp1252'> content loaded successfully]
[2025-08-30 23:25:57,768 - INFO - common - created dir at path artifacts]
[2025-08-30 23:25:57,768 - INFO - common - created dir at path artifacts/model_evaluation]
[2025-08-30 23:25:58,790 - INFO - common - data is saved into artifacts\model_evaluation\metrics.json]
[2025-08-30 23:25:58,790 - ERROR - main - 'ModelEvaluationConfig' object has no attribute 'all_params']
Traceback (most recent call last):
  File "C:\MLOPS\mlflowstater\10-end-to-end-datascience-project\main.py", line 54, in <module>
    obj.initiate_model_evaluation()
  File "C:\MLOPS\mlflowstater\10-end-to-end-datascience-project\src\datascience\pipeline\model_evaluation_pipeline.py", line 16, in initiate_model_evaluation
    model_evaluation.log_into_mlflow()
  File "C:\MLOPS\mlflowstater\10-end-to-end-datascience-project\src\datascience\components\model_evaluation.py", line 47, in log_into_mlflow
    mlflow.log_params(self.config.all_params)
                      ^^^^^^^^^^^^^^^^^^^^^^
AttributeError: 'ModelEvaluationConfig' object has no attribute 'all_params'
[2025-08-30 23:26:42,065 - INFO - main - welcome to our cutome logging ]
[2025-08-30 23:26:42,065 - INFO - main - >>>>>> stage Data Ingestion stage started <<<<<<]
[2025-08-30 23:26:42,065 - INFO - common - <_io.TextIOWrapper name='config\\config.yaml' mode='r' encoding='cp1252'> content loaded successfully]
[2025-08-30 23:26:42,081 - INFO - common - <_io.TextIOWrapper name='params.yaml' mode='r' encoding='cp1252'> content loaded successfully]
[2025-08-30 23:26:42,081 - INFO - common - <_io.TextIOWrapper name='schema.yaml' mode='r' encoding='cp1252'> content loaded successfully]
[2025-08-30 23:26:42,081 - INFO - common - created dir at path artifacts]
[2025-08-30 23:26:42,081 - INFO - common - created dir at path artifacts/data_ingestion]
[2025-08-30 23:26:42,085 - INFO - data_ingestion - File already exists]
[2025-08-30 23:26:42,089 - INFO - main - >>>>>> stage Data Ingestion stage completed <<<<<<

x==========x]
[2025-08-30 23:26:42,089 - INFO - main - >>>>>> stage Data Validation stage started <<<<<<]
[2025-08-30 23:26:42,090 - INFO - common - <_io.TextIOWrapper name='config\\config.yaml' mode='r' encoding='cp1252'> content loaded successfully]
[2025-08-30 23:26:42,090 - INFO - common - <_io.TextIOWrapper name='params.yaml' mode='r' encoding='cp1252'> content loaded successfully]
[2025-08-30 23:26:42,095 - INFO - common - <_io.TextIOWrapper name='schema.yaml' mode='r' encoding='cp1252'> content loaded successfully]
[2025-08-30 23:26:42,095 - INFO - common - created dir at path artifacts]
[2025-08-30 23:26:42,096 - INFO - common - created dir at path artifacts/data_validation]
[2025-08-30 23:26:42,147 - INFO - main - >>>>>> stage Data Validation stage completed <<<<<<

x==========x]
[2025-08-30 23:26:42,149 - INFO - main - >>>>>> stage Data Transformation stage started <<<<<<]
[2025-08-30 23:26:42,160 - INFO - common - <_io.TextIOWrapper name='config\\config.yaml' mode='r' encoding='cp1252'> content loaded successfully]
[2025-08-30 23:26:42,160 - INFO - common - <_io.TextIOWrapper name='params.yaml' mode='r' encoding='cp1252'> content loaded successfully]
[2025-08-30 23:26:42,160 - INFO - common - <_io.TextIOWrapper name='schema.yaml' mode='r' encoding='cp1252'> content loaded successfully]
[2025-08-30 23:26:42,169 - INFO - common - created dir at path artifacts]
[2025-08-30 23:26:42,174 - INFO - common - created dir at path artifacts/data_transformation]
[2025-08-30 23:26:42,193 - INFO - data_transformation - splited data into training and test set ]
[2025-08-30 23:26:42,193 - INFO - data_transformation - (1199, 12)]
[2025-08-30 23:26:42,193 - INFO - data_transformation - (400, 12)]
[2025-08-30 23:26:42,193 - INFO - main - >>>>>> stage Data Transformation stage completed <<<<<<

x==========x]
[2025-08-30 23:26:42,193 - INFO - main - >>>>>> stage Data Training stage started <<<<<<]
[2025-08-30 23:26:42,193 - INFO - common - <_io.TextIOWrapper name='config\\config.yaml' mode='r' encoding='cp1252'> content loaded successfully]
[2025-08-30 23:26:42,193 - INFO - common - <_io.TextIOWrapper name='params.yaml' mode='r' encoding='cp1252'> content loaded successfully]
[2025-08-30 23:26:42,201 - INFO - common - <_io.TextIOWrapper name='schema.yaml' mode='r' encoding='cp1252'> content loaded successfully]
[2025-08-30 23:26:42,202 - INFO - common - created dir at path artifacts]
[2025-08-30 23:26:42,202 - INFO - common - created dir at path artifacts/data_training]
[2025-08-30 23:26:42,232 - INFO - main - >>>>>> stage Data Training stage completed <<<<<<

x==========x]
[2025-08-30 23:26:42,232 - INFO - main - >>>>>> stage Model Evaluation Stage started <<<<<<]
[2025-08-30 23:26:42,235 - INFO - common - <_io.TextIOWrapper name='config\\config.yaml' mode='r' encoding='cp1252'> content loaded successfully]
[2025-08-30 23:26:42,236 - INFO - common - <_io.TextIOWrapper name='params.yaml' mode='r' encoding='cp1252'> content loaded successfully]
[2025-08-30 23:26:42,240 - INFO - common - <_io.TextIOWrapper name='schema.yaml' mode='r' encoding='cp1252'> content loaded successfully]
[2025-08-30 23:26:42,241 - INFO - common - created dir at path artifacts]
[2025-08-30 23:26:42,241 - INFO - common - created dir at path artifacts/model_evaluation]
[2025-08-30 23:26:43,225 - INFO - common - data is saved into artifacts\model_evaluation\metrics.json]
[2025-08-30 23:27:04,880 - INFO - main - >>>>>> stage Model Evaluation Stage completed <<<<<<

x==========x]
[2025-08-30 23:33:29,944 - INFO - main - welcome to our cutome logging ]
[2025-08-30 23:33:29,945 - INFO - main - >>>>>> stage Data Ingestion stage started <<<<<<]
[2025-08-30 23:33:29,963 - INFO - common - <_io.TextIOWrapper name='config\\config.yaml' mode='r' encoding='cp1252'> content loaded successfully]
[2025-08-30 23:33:29,978 - INFO - common - <_io.TextIOWrapper name='params.yaml' mode='r' encoding='cp1252'> content loaded successfully]
[2025-08-30 23:33:29,994 - INFO - common - <_io.TextIOWrapper name='schema.yaml' mode='r' encoding='cp1252'> content loaded successfully]
[2025-08-30 23:33:29,995 - INFO - common - created dir at path artifacts]
[2025-08-30 23:33:29,995 - INFO - common - created dir at path artifacts/data_ingestion]
[2025-08-30 23:33:29,996 - INFO - data_ingestion - File already exists]
[2025-08-30 23:33:30,020 - INFO - main - >>>>>> stage Data Ingestion stage completed <<<<<<

x==========x]
[2025-08-30 23:33:30,021 - INFO - main - >>>>>> stage Data Validation stage started <<<<<<]
[2025-08-30 23:33:30,024 - INFO - common - <_io.TextIOWrapper name='config\\config.yaml' mode='r' encoding='cp1252'> content loaded successfully]
[2025-08-30 23:33:30,026 - INFO - common - <_io.TextIOWrapper name='params.yaml' mode='r' encoding='cp1252'> content loaded successfully]
[2025-08-30 23:33:30,027 - INFO - common - <_io.TextIOWrapper name='schema.yaml' mode='r' encoding='cp1252'> content loaded successfully]
[2025-08-30 23:33:30,028 - INFO - common - created dir at path artifacts]
[2025-08-30 23:33:30,029 - INFO - common - created dir at path artifacts/data_validation]
[2025-08-30 23:33:30,060 - INFO - main - >>>>>> stage Data Validation stage completed <<<<<<

x==========x]
[2025-08-30 23:33:30,060 - INFO - main - >>>>>> stage Data Transformation stage started <<<<<<]
[2025-08-30 23:33:30,075 - INFO - common - <_io.TextIOWrapper name='config\\config.yaml' mode='r' encoding='cp1252'> content loaded successfully]
[2025-08-30 23:33:30,076 - INFO - common - <_io.TextIOWrapper name='params.yaml' mode='r' encoding='cp1252'> content loaded successfully]
[2025-08-30 23:33:30,078 - INFO - common - <_io.TextIOWrapper name='schema.yaml' mode='r' encoding='cp1252'> content loaded successfully]
[2025-08-30 23:33:30,078 - INFO - common - created dir at path artifacts]
[2025-08-30 23:33:30,078 - INFO - common - created dir at path artifacts/data_transformation]
[2025-08-30 23:33:30,097 - INFO - data_transformation - splited data into training and test set ]
[2025-08-30 23:33:30,097 - INFO - data_transformation - (1199, 12)]
[2025-08-30 23:33:30,097 - INFO - data_transformation - (400, 12)]
[2025-08-30 23:33:30,098 - INFO - main - >>>>>> stage Data Transformation stage completed <<<<<<

x==========x]
[2025-08-30 23:33:30,098 - INFO - main - >>>>>> stage Data Training stage started <<<<<<]
[2025-08-30 23:33:30,101 - INFO - common - <_io.TextIOWrapper name='config\\config.yaml' mode='r' encoding='cp1252'> content loaded successfully]
[2025-08-30 23:33:30,104 - INFO - common - <_io.TextIOWrapper name='params.yaml' mode='r' encoding='cp1252'> content loaded successfully]
[2025-08-30 23:33:30,107 - INFO - common - <_io.TextIOWrapper name='schema.yaml' mode='r' encoding='cp1252'> content loaded successfully]
[2025-08-30 23:33:30,108 - INFO - common - created dir at path artifacts]
[2025-08-30 23:33:30,109 - INFO - common - created dir at path artifacts/data_training]
[2025-08-30 23:33:30,148 - INFO - main - >>>>>> stage Data Training stage completed <<<<<<

x==========x]
[2025-08-30 23:33:30,148 - INFO - main - >>>>>> stage Model Evaluation Stage started <<<<<<]
[2025-08-30 23:33:30,152 - INFO - common - <_io.TextIOWrapper name='config\\config.yaml' mode='r' encoding='cp1252'> content loaded successfully]
[2025-08-30 23:33:30,153 - INFO - common - <_io.TextIOWrapper name='params.yaml' mode='r' encoding='cp1252'> content loaded successfully]
[2025-08-30 23:33:30,155 - INFO - common - <_io.TextIOWrapper name='schema.yaml' mode='r' encoding='cp1252'> content loaded successfully]
[2025-08-30 23:33:30,156 - INFO - common - created dir at path artifacts]
[2025-08-30 23:33:30,157 - INFO - common - created dir at path artifacts/model_evaluation]
[2025-08-30 23:33:32,293 - ERROR - main - API request to endpoint /api/2.0/mlflow/runs/create failed with error code 401 != 200. Response body: '=============== ATTENTION! ===============

To use authentication, you must first: 
    Get your default access token from: https://dagshub.com/user/settings/tokens
    OR 
    Set a password: https://dagshub.com/user/settings/password 
==========================================']
Traceback (most recent call last):
  File "C:\MLOPS\mlflowstater\10-end-to-end-datascience-project\main.py", line 54, in <module>
    obj.initiate_model_evaluation()
  File "C:\MLOPS\mlflowstater\10-end-to-end-datascience-project\src\datascience\pipeline\model_evaluation_pipeline.py", line 16, in initiate_model_evaluation
    model_evaluation.log_into_mlflow()
  File "C:\MLOPS\mlflowstater\10-end-to-end-datascience-project\src\datascience\components\model_evaluation.py", line 43, in log_into_mlflow
    with mlflow.start_run():
         ^^^^^^^^^^^^^^^^^^
  File "C:\MLOPS\mlflowstater\ven\Lib\site-packages\mlflow\tracking\fluent.py", line 474, in start_run
    active_run_obj = client.create_run(
                     ^^^^^^^^^^^^^^^^^^
  File "C:\MLOPS\mlflowstater\ven\Lib\site-packages\mlflow\tracking\client.py", line 435, in create_run
    return self._tracking_client.create_run(experiment_id, start_time, tags, run_name)
           ^^^^^^^^^^^^^^^^^^^^^^^^^^^^^^^^^^^^^^^^^^^^^^^^^^^^^^^^^^^^^^^^^^^^^^^^^^^
  File "C:\MLOPS\mlflowstater\ven\Lib\site-packages\mlflow\tracking\_tracking_service\client.py", line 161, in create_run
    return self.store.create_run(
           ^^^^^^^^^^^^^^^^^^^^^^
  File "C:\MLOPS\mlflowstater\ven\Lib\site-packages\mlflow\store\tracking\rest_store.py", line 272, in create_run
    response_proto = self._call_endpoint(CreateRun, req_body)
                     ^^^^^^^^^^^^^^^^^^^^^^^^^^^^^^^^^^^^^^^^
  File "C:\MLOPS\mlflowstater\ven\Lib\site-packages\mlflow\store\tracking\rest_store.py", line 135, in _call_endpoint
    return call_endpoint(
           ^^^^^^^^^^^^^^
  File "C:\MLOPS\mlflowstater\ven\Lib\site-packages\mlflow\utils\rest_utils.py", line 590, in call_endpoint
    response = verify_rest_response(response, endpoint)
               ^^^^^^^^^^^^^^^^^^^^^^^^^^^^^^^^^^^^^^^^
  File "C:\MLOPS\mlflowstater\ven\Lib\site-packages\mlflow\utils\rest_utils.py", line 310, in verify_rest_response
    raise MlflowException(
mlflow.exceptions.MlflowException: API request to endpoint /api/2.0/mlflow/runs/create failed with error code 401 != 200. Response body: '=============== ATTENTION! ===============

To use authentication, you must first: 
    Get your default access token from: https://dagshub.com/user/settings/tokens
    OR 
    Set a password: https://dagshub.com/user/settings/password 
=========================================='
[2025-08-30 23:36:21,490 - INFO - main - welcome to our cutome logging ]
[2025-08-30 23:36:21,490 - INFO - main - >>>>>> stage Data Ingestion stage started <<<<<<]
[2025-08-30 23:36:21,490 - INFO - common - <_io.TextIOWrapper name='config\\config.yaml' mode='r' encoding='cp1252'> content loaded successfully]
[2025-08-30 23:36:21,490 - INFO - common - <_io.TextIOWrapper name='params.yaml' mode='r' encoding='cp1252'> content loaded successfully]
[2025-08-30 23:36:21,490 - INFO - common - <_io.TextIOWrapper name='schema.yaml' mode='r' encoding='cp1252'> content loaded successfully]
[2025-08-30 23:36:21,490 - INFO - common - created dir at path artifacts]
[2025-08-30 23:36:21,490 - INFO - common - created dir at path artifacts/data_ingestion]
[2025-08-30 23:36:21,499 - INFO - data_ingestion - File already exists]
[2025-08-30 23:36:21,504 - INFO - main - >>>>>> stage Data Ingestion stage completed <<<<<<

x==========x]
[2025-08-30 23:36:21,504 - INFO - main - >>>>>> stage Data Validation stage started <<<<<<]
[2025-08-30 23:36:21,508 - INFO - common - <_io.TextIOWrapper name='config\\config.yaml' mode='r' encoding='cp1252'> content loaded successfully]
[2025-08-30 23:36:21,509 - INFO - common - <_io.TextIOWrapper name='params.yaml' mode='r' encoding='cp1252'> content loaded successfully]
[2025-08-30 23:36:21,511 - INFO - common - <_io.TextIOWrapper name='schema.yaml' mode='r' encoding='cp1252'> content loaded successfully]
[2025-08-30 23:36:21,512 - INFO - common - created dir at path artifacts]
[2025-08-30 23:36:21,513 - INFO - common - created dir at path artifacts/data_validation]
[2025-08-30 23:36:21,536 - INFO - main - >>>>>> stage Data Validation stage completed <<<<<<

x==========x]
[2025-08-30 23:36:21,536 - INFO - main - >>>>>> stage Data Transformation stage started <<<<<<]
[2025-08-30 23:36:21,542 - INFO - common - <_io.TextIOWrapper name='config\\config.yaml' mode='r' encoding='cp1252'> content loaded successfully]
[2025-08-30 23:36:21,543 - INFO - common - <_io.TextIOWrapper name='params.yaml' mode='r' encoding='cp1252'> content loaded successfully]
[2025-08-30 23:36:21,546 - INFO - common - <_io.TextIOWrapper name='schema.yaml' mode='r' encoding='cp1252'> content loaded successfully]
[2025-08-30 23:36:21,547 - INFO - common - created dir at path artifacts]
[2025-08-30 23:36:21,548 - INFO - common - created dir at path artifacts/data_transformation]
[2025-08-30 23:36:21,570 - INFO - data_transformation - splited data into training and test set ]
[2025-08-30 23:36:21,574 - INFO - data_transformation - (1199, 12)]
[2025-08-30 23:36:21,579 - INFO - data_transformation - (400, 12)]
[2025-08-30 23:36:21,583 - INFO - main - >>>>>> stage Data Transformation stage completed <<<<<<

x==========x]
[2025-08-30 23:36:21,583 - INFO - main - >>>>>> stage Data Training stage started <<<<<<]
[2025-08-30 23:36:21,587 - INFO - common - <_io.TextIOWrapper name='config\\config.yaml' mode='r' encoding='cp1252'> content loaded successfully]
[2025-08-30 23:36:21,588 - INFO - common - <_io.TextIOWrapper name='params.yaml' mode='r' encoding='cp1252'> content loaded successfully]
[2025-08-30 23:36:21,589 - INFO - common - <_io.TextIOWrapper name='schema.yaml' mode='r' encoding='cp1252'> content loaded successfully]
[2025-08-30 23:36:21,592 - INFO - common - created dir at path artifacts]
[2025-08-30 23:36:21,594 - INFO - common - created dir at path artifacts/data_training]
[2025-08-30 23:36:21,634 - INFO - main - >>>>>> stage Data Training stage completed <<<<<<

x==========x]
[2025-08-30 23:36:21,634 - INFO - main - >>>>>> stage Model Evaluation Stage started <<<<<<]
[2025-08-30 23:36:21,637 - INFO - common - <_io.TextIOWrapper name='config\\config.yaml' mode='r' encoding='cp1252'> content loaded successfully]
[2025-08-30 23:36:21,637 - INFO - common - <_io.TextIOWrapper name='params.yaml' mode='r' encoding='cp1252'> content loaded successfully]
[2025-08-30 23:36:21,645 - INFO - common - <_io.TextIOWrapper name='schema.yaml' mode='r' encoding='cp1252'> content loaded successfully]
[2025-08-30 23:36:21,646 - INFO - common - created dir at path artifacts]
[2025-08-30 23:36:21,647 - INFO - common - created dir at path artifacts/model_evaluation]
[2025-08-30 23:36:23,426 - INFO - common - data is saved into artifacts\model_evaluation\metrics.json]
[2025-08-30 23:36:29,732 - ERROR - main - INTERNAL_ERROR: Response: {'error': 'unsupported endpoint, please contact support@dagshub.com'}]
Traceback (most recent call last):
  File "C:\MLOPS\mlflowstater\10-end-to-end-datascience-project\main.py", line 54, in <module>
    obj.initiate_model_evaluation()
  File "C:\MLOPS\mlflowstater\10-end-to-end-datascience-project\src\datascience\pipeline\model_evaluation_pipeline.py", line 16, in initiate_model_evaluation
    model_evaluation.log_into_mlflow()
  File "C:\MLOPS\mlflowstater\10-end-to-end-datascience-project\src\datascience\components\model_evaluation.py", line 67, in log_into_mlflow
    mlflow.sklearn.log_model(model, "model", registered_model_name="ElasticnetModel")
  File "C:\MLOPS\mlflowstater\ven\Lib\site-packages\mlflow\sklearn\__init__.py", line 426, in log_model
    return Model.log(
           ^^^^^^^^^^
  File "C:\MLOPS\mlflowstater\ven\Lib\site-packages\mlflow\models\model.py", line 1161, in log
    model = mlflow.initialize_logged_model(
            ^^^^^^^^^^^^^^^^^^^^^^^^^^^^^^^
  File "C:\MLOPS\mlflowstater\ven\Lib\site-packages\mlflow\tracking\fluent.py", line 2130, in initialize_logged_model
    model = _create_logged_model(
            ^^^^^^^^^^^^^^^^^^^^^
  File "C:\MLOPS\mlflowstater\ven\Lib\site-packages\mlflow\tracking\fluent.py", line 2257, in _create_logged_model
    return MlflowClient().create_logged_model(
           ^^^^^^^^^^^^^^^^^^^^^^^^^^^^^^^^^^^
  File "C:\MLOPS\mlflowstater\ven\Lib\site-packages\mlflow\tracking\client.py", line 5371, in create_logged_model
    return self._tracking_client.create_logged_model(
           ^^^^^^^^^^^^^^^^^^^^^^^^^^^^^^^^^^^^^^^^^^
  File "C:\MLOPS\mlflowstater\ven\Lib\site-packages\mlflow\tracking\_tracking_service\client.py", line 824, in create_logged_model
    return self.store.create_logged_model(
           ^^^^^^^^^^^^^^^^^^^^^^^^^^^^^^^
  File "C:\MLOPS\mlflowstater\ven\Lib\site-packages\mlflow\store\tracking\rest_store.py", line 936, in create_logged_model
    response_proto = self._call_endpoint(CreateLoggedModel, req_body)
                     ^^^^^^^^^^^^^^^^^^^^^^^^^^^^^^^^^^^^^^^^^^^^^^^^
  File "C:\MLOPS\mlflowstater\ven\Lib\site-packages\mlflow\store\tracking\rest_store.py", line 135, in _call_endpoint
    return call_endpoint(
           ^^^^^^^^^^^^^^
  File "C:\MLOPS\mlflowstater\ven\Lib\site-packages\mlflow\utils\rest_utils.py", line 590, in call_endpoint
    response = verify_rest_response(response, endpoint)
               ^^^^^^^^^^^^^^^^^^^^^^^^^^^^^^^^^^^^^^^^
  File "C:\MLOPS\mlflowstater\ven\Lib\site-packages\mlflow\utils\rest_utils.py", line 304, in verify_rest_response
    raise RestException(json.loads(response.text))
mlflow.exceptions.RestException: INTERNAL_ERROR: Response: {'error': 'unsupported endpoint, please contact support@dagshub.com'}
[2025-08-30 23:37:44,728 - INFO - main - welcome to our cutome logging ]
[2025-08-30 23:37:44,728 - INFO - main - >>>>>> stage Data Ingestion stage started <<<<<<]
[2025-08-30 23:37:44,728 - INFO - common - <_io.TextIOWrapper name='config\\config.yaml' mode='r' encoding='cp1252'> content loaded successfully]
[2025-08-30 23:37:44,737 - INFO - common - <_io.TextIOWrapper name='params.yaml' mode='r' encoding='cp1252'> content loaded successfully]
[2025-08-30 23:37:44,741 - INFO - common - <_io.TextIOWrapper name='schema.yaml' mode='r' encoding='cp1252'> content loaded successfully]
[2025-08-30 23:37:44,742 - INFO - common - created dir at path artifacts]
[2025-08-30 23:37:44,743 - INFO - common - created dir at path artifacts/data_ingestion]
[2025-08-30 23:37:44,744 - INFO - data_ingestion - File already exists]
[2025-08-30 23:37:44,749 - INFO - main - >>>>>> stage Data Ingestion stage completed <<<<<<

x==========x]
[2025-08-30 23:37:44,749 - INFO - main - >>>>>> stage Data Validation stage started <<<<<<]
[2025-08-30 23:37:44,755 - INFO - common - <_io.TextIOWrapper name='config\\config.yaml' mode='r' encoding='cp1252'> content loaded successfully]
[2025-08-30 23:37:44,756 - INFO - common - <_io.TextIOWrapper name='params.yaml' mode='r' encoding='cp1252'> content loaded successfully]
[2025-08-30 23:37:44,762 - INFO - common - <_io.TextIOWrapper name='schema.yaml' mode='r' encoding='cp1252'> content loaded successfully]
[2025-08-30 23:37:44,763 - INFO - common - created dir at path artifacts]
[2025-08-30 23:37:44,764 - INFO - common - created dir at path artifacts/data_validation]
[2025-08-30 23:37:44,816 - INFO - main - >>>>>> stage Data Validation stage completed <<<<<<

x==========x]
[2025-08-30 23:37:44,816 - INFO - main - >>>>>> stage Data Transformation stage started <<<<<<]
[2025-08-30 23:37:44,823 - INFO - common - <_io.TextIOWrapper name='config\\config.yaml' mode='r' encoding='cp1252'> content loaded successfully]
[2025-08-30 23:37:44,823 - INFO - common - <_io.TextIOWrapper name='params.yaml' mode='r' encoding='cp1252'> content loaded successfully]
[2025-08-30 23:37:44,830 - INFO - common - <_io.TextIOWrapper name='schema.yaml' mode='r' encoding='cp1252'> content loaded successfully]
[2025-08-30 23:37:44,831 - INFO - common - created dir at path artifacts]
[2025-08-30 23:37:44,832 - INFO - common - created dir at path artifacts/data_transformation]
[2025-08-30 23:37:44,862 - INFO - data_transformation - splited data into training and test set ]
[2025-08-30 23:37:44,863 - INFO - data_transformation - (1199, 12)]
[2025-08-30 23:37:44,863 - INFO - data_transformation - (400, 12)]
[2025-08-30 23:37:44,864 - INFO - main - >>>>>> stage Data Transformation stage completed <<<<<<

x==========x]
[2025-08-30 23:37:44,864 - INFO - main - >>>>>> stage Data Training stage started <<<<<<]
[2025-08-30 23:37:44,865 - INFO - common - <_io.TextIOWrapper name='config\\config.yaml' mode='r' encoding='cp1252'> content loaded successfully]
[2025-08-30 23:37:44,870 - INFO - common - <_io.TextIOWrapper name='params.yaml' mode='r' encoding='cp1252'> content loaded successfully]
[2025-08-30 23:37:44,873 - INFO - common - <_io.TextIOWrapper name='schema.yaml' mode='r' encoding='cp1252'> content loaded successfully]
[2025-08-30 23:37:44,873 - INFO - common - created dir at path artifacts]
[2025-08-30 23:37:44,875 - INFO - common - created dir at path artifacts/data_training]
[2025-08-30 23:37:44,906 - INFO - main - >>>>>> stage Data Training stage completed <<<<<<

x==========x]
[2025-08-30 23:37:44,906 - INFO - main - >>>>>> stage Model Evaluation Stage started <<<<<<]
[2025-08-30 23:37:44,925 - INFO - common - <_io.TextIOWrapper name='config\\config.yaml' mode='r' encoding='cp1252'> content loaded successfully]
[2025-08-30 23:37:44,925 - INFO - common - <_io.TextIOWrapper name='params.yaml' mode='r' encoding='cp1252'> content loaded successfully]
[2025-08-30 23:37:44,930 - INFO - common - <_io.TextIOWrapper name='schema.yaml' mode='r' encoding='cp1252'> content loaded successfully]
[2025-08-30 23:37:44,931 - INFO - common - created dir at path artifacts]
[2025-08-30 23:37:44,932 - INFO - common - created dir at path artifacts/model_evaluation]
[2025-08-30 23:37:47,099 - INFO - common - data is saved into artifacts\model_evaluation\metrics.json]
[2025-08-30 23:37:53,342 - ERROR - main - INTERNAL_ERROR: Response: {'error': 'unsupported endpoint, please contact support@dagshub.com'}]
Traceback (most recent call last):
  File "C:\MLOPS\mlflowstater\10-end-to-end-datascience-project\main.py", line 54, in <module>
    obj.initiate_model_evaluation()
  File "C:\MLOPS\mlflowstater\10-end-to-end-datascience-project\src\datascience\pipeline\model_evaluation_pipeline.py", line 16, in initiate_model_evaluation
    model_evaluation.log_into_mlflow()
  File "C:\MLOPS\mlflowstater\10-end-to-end-datascience-project\src\datascience\components\model_evaluation.py", line 67, in log_into_mlflow
    mlflow.sklearn.log_model(model, "model")
  File "C:\MLOPS\mlflowstater\ven\Lib\site-packages\mlflow\sklearn\__init__.py", line 426, in log_model
    return Model.log(
           ^^^^^^^^^^
  File "C:\MLOPS\mlflowstater\ven\Lib\site-packages\mlflow\models\model.py", line 1161, in log
    model = mlflow.initialize_logged_model(
            ^^^^^^^^^^^^^^^^^^^^^^^^^^^^^^^
  File "C:\MLOPS\mlflowstater\ven\Lib\site-packages\mlflow\tracking\fluent.py", line 2130, in initialize_logged_model
    model = _create_logged_model(
            ^^^^^^^^^^^^^^^^^^^^^
  File "C:\MLOPS\mlflowstater\ven\Lib\site-packages\mlflow\tracking\fluent.py", line 2257, in _create_logged_model
    return MlflowClient().create_logged_model(
           ^^^^^^^^^^^^^^^^^^^^^^^^^^^^^^^^^^^
  File "C:\MLOPS\mlflowstater\ven\Lib\site-packages\mlflow\tracking\client.py", line 5371, in create_logged_model
    return self._tracking_client.create_logged_model(
           ^^^^^^^^^^^^^^^^^^^^^^^^^^^^^^^^^^^^^^^^^^
  File "C:\MLOPS\mlflowstater\ven\Lib\site-packages\mlflow\tracking\_tracking_service\client.py", line 824, in create_logged_model
    return self.store.create_logged_model(
           ^^^^^^^^^^^^^^^^^^^^^^^^^^^^^^^
  File "C:\MLOPS\mlflowstater\ven\Lib\site-packages\mlflow\store\tracking\rest_store.py", line 936, in create_logged_model
    response_proto = self._call_endpoint(CreateLoggedModel, req_body)
                     ^^^^^^^^^^^^^^^^^^^^^^^^^^^^^^^^^^^^^^^^^^^^^^^^
  File "C:\MLOPS\mlflowstater\ven\Lib\site-packages\mlflow\store\tracking\rest_store.py", line 135, in _call_endpoint
    return call_endpoint(
           ^^^^^^^^^^^^^^
  File "C:\MLOPS\mlflowstater\ven\Lib\site-packages\mlflow\utils\rest_utils.py", line 590, in call_endpoint
    response = verify_rest_response(response, endpoint)
               ^^^^^^^^^^^^^^^^^^^^^^^^^^^^^^^^^^^^^^^^
  File "C:\MLOPS\mlflowstater\ven\Lib\site-packages\mlflow\utils\rest_utils.py", line 304, in verify_rest_response
    raise RestException(json.loads(response.text))
mlflow.exceptions.RestException: INTERNAL_ERROR: Response: {'error': 'unsupported endpoint, please contact support@dagshub.com'}
[2025-08-31 00:07:45,430 - INFO - main - welcome to our cutome logging ]
[2025-08-31 00:07:45,430 - INFO - main - >>>>>> stage Data Ingestion stage started <<<<<<]
[2025-08-31 00:07:45,461 - INFO - common - <_io.TextIOWrapper name='config\\config.yaml' mode='r' encoding='cp1252'> content loaded successfully]
[2025-08-31 00:07:45,484 - INFO - common - <_io.TextIOWrapper name='params.yaml' mode='r' encoding='cp1252'> content loaded successfully]
[2025-08-31 00:07:45,508 - INFO - common - <_io.TextIOWrapper name='schema.yaml' mode='r' encoding='cp1252'> content loaded successfully]
[2025-08-31 00:07:45,510 - INFO - common - created dir at path artifacts]
[2025-08-31 00:07:45,511 - INFO - common - created dir at path artifacts/data_ingestion]
[2025-08-31 00:07:45,512 - INFO - data_ingestion - File already exists]
[2025-08-31 00:07:45,540 - INFO - main - >>>>>> stage Data Ingestion stage completed <<<<<<

x==========x]
[2025-08-31 00:07:45,540 - INFO - main - >>>>>> stage Data Validation stage started <<<<<<]
[2025-08-31 00:07:45,540 - INFO - common - <_io.TextIOWrapper name='config\\config.yaml' mode='r' encoding='cp1252'> content loaded successfully]
[2025-08-31 00:07:45,540 - INFO - common - <_io.TextIOWrapper name='params.yaml' mode='r' encoding='cp1252'> content loaded successfully]
[2025-08-31 00:07:45,540 - INFO - common - <_io.TextIOWrapper name='schema.yaml' mode='r' encoding='cp1252'> content loaded successfully]
[2025-08-31 00:07:45,548 - INFO - common - created dir at path artifacts]
[2025-08-31 00:07:45,550 - INFO - common - created dir at path artifacts/data_validation]
[2025-08-31 00:07:45,589 - INFO - main - >>>>>> stage Data Validation stage completed <<<<<<

x==========x]
[2025-08-31 00:07:45,589 - INFO - main - >>>>>> stage Data Transformation stage started <<<<<<]
[2025-08-31 00:07:45,606 - INFO - common - <_io.TextIOWrapper name='config\\config.yaml' mode='r' encoding='cp1252'> content loaded successfully]
[2025-08-31 00:07:45,607 - INFO - common - <_io.TextIOWrapper name='params.yaml' mode='r' encoding='cp1252'> content loaded successfully]
[2025-08-31 00:07:45,609 - INFO - common - <_io.TextIOWrapper name='schema.yaml' mode='r' encoding='cp1252'> content loaded successfully]
[2025-08-31 00:07:45,609 - INFO - common - created dir at path artifacts]
[2025-08-31 00:07:45,610 - INFO - common - created dir at path artifacts/data_transformation]
[2025-08-31 00:07:45,623 - INFO - data_transformation - splited data into training and test set ]
[2025-08-31 00:07:45,623 - INFO - data_transformation - (1199, 12)]
[2025-08-31 00:07:45,623 - INFO - data_transformation - (400, 12)]
[2025-08-31 00:07:45,623 - INFO - main - >>>>>> stage Data Transformation stage completed <<<<<<

x==========x]
[2025-08-31 00:07:45,623 - INFO - main - >>>>>> stage Data Training stage started <<<<<<]
[2025-08-31 00:07:45,630 - INFO - common - <_io.TextIOWrapper name='config\\config.yaml' mode='r' encoding='cp1252'> content loaded successfully]
[2025-08-31 00:07:45,631 - INFO - common - <_io.TextIOWrapper name='params.yaml' mode='r' encoding='cp1252'> content loaded successfully]
[2025-08-31 00:07:45,632 - INFO - common - <_io.TextIOWrapper name='schema.yaml' mode='r' encoding='cp1252'> content loaded successfully]
[2025-08-31 00:07:45,632 - INFO - common - created dir at path artifacts]
[2025-08-31 00:07:45,632 - INFO - common - created dir at path artifacts/data_training]
[2025-08-31 00:07:45,658 - INFO - main - >>>>>> stage Data Training stage completed <<<<<<

x==========x]
[2025-08-31 00:07:45,658 - INFO - main - >>>>>> stage Model Evaluation Stage started <<<<<<]
[2025-08-31 00:07:45,666 - INFO - common - <_io.TextIOWrapper name='config\\config.yaml' mode='r' encoding='cp1252'> content loaded successfully]
[2025-08-31 00:07:45,668 - INFO - common - <_io.TextIOWrapper name='params.yaml' mode='r' encoding='cp1252'> content loaded successfully]
[2025-08-31 00:07:45,670 - INFO - common - <_io.TextIOWrapper name='schema.yaml' mode='r' encoding='cp1252'> content loaded successfully]
[2025-08-31 00:07:45,672 - INFO - common - created dir at path artifacts]
[2025-08-31 00:07:45,673 - INFO - common - created dir at path artifacts/model_evaluation]
[2025-08-31 00:07:47,389 - INFO - common - data is saved into artifacts\model_evaluation\metrics.json]
[2025-08-31 00:08:13,563 - INFO - main - >>>>>> stage Model Evaluation Stage completed <<<<<<

x==========x]
